===== F01 seed0 2026-10-03 23:03:43 =====
{"exp_id": "F01", "seed": 0, "fold": 0, "desc": "final_ema_mixup_d4", "backbone": "convnext_tiny", "init": "finetune", "drop_rate": 0.0, "drop_path_rate": 0.0, "img_size": 224, "eval_crop_pct": 0.875, "aug": "geo", "sampler": null, "mix": "mixup", "mix_alpha": 0.2, "mix_prob": 1.0, "loss": "ce", "label_smoothing": 0.0, "focal_gamma": 2.0, "class_weight_beta": null, "epochs": 12, "batch_size": 64, "accum_steps": 1, "optimizer": "adamw", "momentum": 0.9, "lr_backbone": 0.0001, "lr_head": 0.001, "weight_decay": 0.05, "warmup_epochs": 1.0, "grad_clip": null, "ema_decay": 0.999, "amp": true, "channels_last": false, "num_workers": 4, "images_dir": "data/images", "labels_dir": "data/labels", "out_dir": "runs", "pred_dir": "D:\\AI in Action\\Labs\\K4-Track4-Day2-Deeplearning-Advance\\submissions\\MSSV_pham_quang_huy\\predictions", "curves_dir": "D:\\AI in Action\\Labs\\K4-Track4-Day2-Deeplearning-Advance\\submissions\\MSSV_pham_quang_huy\\curves", "save_checkpoint": true, "max_steps_per_epoch": null, "save_test_predictions": false}
[F01 seed0] convnext_tiny.in12k_ft_in1k | 27.83M params | 4.47 GMAC | 164 bước/epoch | micro-batch 64 x 1
  ep  1/12 | train loss 0.9848 acc nan | val loss 0.2477 F1 0.9010 top1 0.9220 (raw F1 0.8226) | 171 img/s, 61s *
  ep  2/12 | train loss 0.5966 acc nan | val loss 0.1513 F1 0.9469 top1 0.9594 (raw F1 0.9061) | 264 img/s, 40s *
  ep  3/12 | train loss 0.5403 acc nan | val loss 0.1210 F1 0.9551 top1 0.9666 (raw F1 0.9347) | 263 img/s, 40s *
  ep  4/12 | train loss 0.5032 acc nan | val loss 0.1034 F1 0.9622 top1 0.9712 (raw F1 0.9472) | 263 img/s, 40s *
  ep  5/12 | train loss 0.4977 acc nan | val loss 0.0941 F1 0.9677 top1 0.9763 (raw F1 0.9459) | 263 img/s, 40s *
  ep  6/12 | train loss 0.4399 acc nan | val loss 0.0865 F1 0.9684 top1 0.9763 (raw F1 0.9460) | 263 img/s, 40s *
  ep  7/12 | train loss 0.4480 acc nan | val loss 0.0797 F1 0.9725 top1 0.9797 (raw F1 0.9660) | 263 img/s, 40s *
  ep  8/12 | train loss 0.3730 acc nan | val loss 0.0767 F1 0.9739 top1 0.9809 (raw F1 0.9663) | 263 img/s, 40s *
  ep  9/12 | train loss 0.3663 acc nan | val loss 0.0719 F1 0.9768 top1 0.9826 (raw F1 0.9753) | 263 img/s, 40s *
  ep 10/12 | train loss 0.3534 acc nan | val loss 0.0723 F1 0.9753 top1 0.9817 (raw F1 0.9750) | 263 img/s, 40s
  ep 11/12 | train loss 0.3979 acc nan | val loss 0.0728 F1 0.9743 top1 0.9809 (raw F1 0.9763) | 263 img/s, 40s
  ep 12/12 | train loss 0.3798 acc nan | val loss 0.0739 F1 0.9739 top1 0.9806 (raw F1 0.9728) | 263 img/s, 40s
[F01 seed0] best ep 9: val macro-F1 0.9768 top1 0.9826 | 8.3 phút train | peak 4.25 GiB
===== F01 seed1 2026-10-03 23:14:25 =====
{"exp_id": "F01", "seed": 1, "fold": 0, "desc": "final_ema_mixup_d4", "backbone": "convnext_tiny", "init": "finetune", "drop_rate": 0.0, "drop_path_rate": 0.0, "img_size": 224, "eval_crop_pct": 0.875, "aug": "geo", "sampler": null, "mix": "mixup", "mix_alpha": 0.2, "mix_prob": 1.0, "loss": "ce", "label_smoothing": 0.0, "focal_gamma": 2.0, "class_weight_beta": null, "epochs": 12, "batch_size": 64, "accum_steps": 1, "optimizer": "adamw", "momentum": 0.9, "lr_backbone": 0.0001, "lr_head": 0.001, "weight_decay": 0.05, "warmup_epochs": 1.0, "grad_clip": null, "ema_decay": 0.999, "amp": true, "channels_last": false, "num_workers": 4, "images_dir": "data/images", "labels_dir": "data/labels", "out_dir": "runs", "pred_dir": "D:\\AI in Action\\Labs\\K4-Track4-Day2-Deeplearning-Advance\\submissions\\MSSV_pham_quang_huy\\predictions", "curves_dir": "D:\\AI in Action\\Labs\\K4-Track4-Day2-Deeplearning-Advance\\submissions\\MSSV_pham_quang_huy\\curves", "save_checkpoint": true, "max_steps_per_epoch": null, "save_test_predictions": false}
[F01 seed1] convnext_tiny.in12k_ft_in1k | 27.83M params | 4.47 GMAC | 164 bước/epoch | micro-batch 64 x 1
  ep  1/12 | train loss 1.0512 acc nan | val loss 0.2536 F1 0.9077 top1 0.9257 (raw F1 0.8582) | 214 img/s, 49s *
  ep  2/12 | train loss 0.6252 acc nan | val loss 0.1631 F1 0.9412 top1 0.9540 (raw F1 0.9083) | 265 img/s, 40s *
  ep  3/12 | train loss 0.5234 acc nan | val loss 0.1235 F1 0.9603 top1 0.9694 (raw F1 0.9351) | 263 img/s, 40s *
  ep  4/12 | train loss 0.5137 acc nan | val loss 0.1068 F1 0.9637 top1 0.9706 (raw F1 0.9437) | 263 img/s, 40s *
  ep  5/12 | train loss 0.4794 acc nan | val loss 0.0939 F1 0.9672 top1 0.9746 (raw F1 0.9399) | 263 img/s, 40s *
  ep  6/12 | train loss 0.4184 acc nan | val loss 0.0862 F1 0.9716 top1 0.9780 (raw F1 0.9575) | 263 img/s, 40s *
  ep  7/12 | train loss 0.4341 acc nan | val loss 0.0857 F1 0.9679 top1 0.9760 (raw F1 0.9596) | 263 img/s, 40s
  ep  8/12 | train loss 0.3809 acc nan | val loss 0.0779 F1 0.9712 top1 0.9791 (raw F1 0.9655) | 263 img/s, 40s
  ep  9/12 | train loss 0.3809 acc nan | val loss 0.0777 F1 0.9708 top1 0.9786 (raw F1 0.9630) | 263 img/s, 40s
  ep 10/12 | train loss 0.3368 acc nan | val loss 0.0764 F1 0.9722 top1 0.9797 (raw F1 0.9686) | 263 img/s, 40s *
  ep 11/12 | train loss 0.3448 acc nan | val loss 0.0759 F1 0.9723 top1 0.9800 (raw F1 0.9736) | 263 img/s, 40s *
  ep 12/12 | train loss 0.3306 acc nan | val loss 0.0754 F1 0.9731 top1 0.9806 (raw F1 0.9739) | 263 img/s, 40s *
[F01 seed1] best ep 12: val macro-F1 0.9731 top1 0.9806 | 8.1 phút train | peak 4.67 GiB
===== F01 seed2 2026-10-03 23:24:41 =====
{"exp_id": "F01", "seed": 2, "fold": 0, "desc": "final_ema_mixup_d4", "backbone": "convnext_tiny", "init": "finetune", "drop_rate": 0.0, "drop_path_rate": 0.0, "img_size": 224, "eval_crop_pct": 0.875, "aug": "geo", "sampler": null, "mix": "mixup", "mix_alpha": 0.2, "mix_prob": 1.0, "loss": "ce", "label_smoothing": 0.0, "focal_gamma": 2.0, "class_weight_beta": null, "epochs": 12, "batch_size": 64, "accum_steps": 1, "optimizer": "adamw", "momentum": 0.9, "lr_backbone": 0.0001, "lr_head": 0.001, "weight_decay": 0.05, "warmup_epochs": 1.0, "grad_clip": null, "ema_decay": 0.999, "amp": true, "channels_last": false, "num_workers": 4, "images_dir": "data/images", "labels_dir": "data/labels", "out_dir": "runs", "pred_dir": "D:\\AI in Action\\Labs\\K4-Track4-Day2-Deeplearning-Advance\\submissions\\MSSV_pham_quang_huy\\predictions", "curves_dir": "D:\\AI in Action\\Labs\\K4-Track4-Day2-Deeplearning-Advance\\submissions\\MSSV_pham_quang_huy\\curves", "save_checkpoint": true, "max_steps_per_epoch": null, "save_test_predictions": false}
[F01 seed2] convnext_tiny.in12k_ft_in1k | 27.83M params | 4.47 GMAC | 164 bước/epoch | micro-batch 64 x 1
  ep  1/12 | train loss 1.1141 acc nan | val loss 0.3007 F1 0.8858 top1 0.9112 (raw F1 0.8245) | 213 img/s, 49s *
  ep  2/12 | train loss 0.6842 acc nan | val loss 0.1657 F1 0.9436 top1 0.9566 (raw F1 0.9145) | 264 img/s, 40s *
  ep  3/12 | train loss 0.5121 acc nan | val loss 0.1261 F1 0.9559 top1 0.9657 (raw F1 0.8979) | 263 img/s, 40s *
  ep  4/12 | train loss 0.5588 acc nan | val loss 0.1088 F1 0.9645 top1 0.9717 (raw F1 0.9466) | 263 img/s, 40s *
  ep  5/12 | train loss 0.5021 acc nan | val loss 0.0938 F1 0.9685 top1 0.9760 (raw F1 0.9421) | 263 img/s, 40s *
  ep  6/12 | train loss 0.4084 acc nan | val loss 0.0834 F1 0.9734 top1 0.9800 (raw F1 0.9684) | 263 img/s, 40s *
  ep  7/12 | train loss 0.4178 acc nan | val loss 0.0760 F1 0.9738 top1 0.9803 (raw F1 0.9685) | 263 img/s, 40s *
  ep  8/12 | train loss 0.4305 acc nan | val loss 0.0769 F1 0.9744 top1 0.9811 (raw F1 0.9583) | 262 img/s, 40s *
  ep  9/12 | train loss 0.3786 acc nan | val loss 0.0749 F1 0.9770 top1 0.9826 (raw F1 0.9657) | 262 img/s, 40s *
  ep 10/12 | train loss 0.3374 acc nan | val loss 0.0728 F1 0.9744 top1 0.9806 (raw F1 0.9726) | 262 img/s, 40s
  ep 11/12 | train loss 0.3229 acc nan | val loss 0.0747 F1 0.9732 top1 0.9794 (raw F1 0.9710) | 262 img/s, 40s
  ep 12/12 | train loss 0.2937 acc nan | val loss 0.0758 F1 0.9721 top1 0.9786 (raw F1 0.9718) | 261 img/s, 40s
[F01 seed2] best ep 9: val macro-F1 0.9770 top1 0.9826 | 8.2 phút train | peak 4.25 GiB
