===== T00 seed0 2026-10-03 19:22:10 =====
{"exp_id": "T00", "seed": 0, "fold": 0, "desc": "baseline", "backbone": "convnext_tiny", "init": "finetune", "drop_rate": 0.0, "drop_path_rate": 0.0, "img_size": 224, "eval_crop_pct": 0.875, "aug": "basic", "sampler": null, "mix": null, "mix_alpha": 1.0, "mix_prob": 1.0, "loss": "ce", "label_smoothing": 0.0, "focal_gamma": 2.0, "class_weight_beta": null, "epochs": 12, "batch_size": 64, "accum_steps": 1, "optimizer": "adamw", "momentum": 0.9, "lr_backbone": 0.0001, "lr_head": 0.001, "weight_decay": 0.05, "warmup_epochs": 1.0, "grad_clip": null, "ema_decay": null, "amp": true, "channels_last": false, "num_workers": 4, "images_dir": "data/images", "labels_dir": "data/labels", "out_dir": "runs", "pred_dir": "D:\\AI in Action\\Labs\\K4-Track4-Day2-Deeplearning-Advance\\submissions\\MSSV_pham_quang_huy\\predictions", "curves_dir": "D:\\AI in Action\\Labs\\K4-Track4-Day2-Deeplearning-Advance\\submissions\\MSSV_pham_quang_huy\\curves", "save_checkpoint": true, "max_steps_per_epoch": null, "save_test_predictions": false}
[T00 seed0] convnext_tiny.in12k_ft_in1k | 27.83M params | 4.47 GMAC | 164 bước/epoch | micro-batch 64 x 1
  ep  1/12 | train loss 0.7424 acc 0.7583 | val loss 0.3815 F1 0.8038 top1 0.8612 | 168 img/s, 62s *
  ep  2/12 | train loss 0.3178 acc 0.8966 | val loss 0.2008 F1 0.9166 top1 0.9383 | 253 img/s, 41s *
  ep  3/12 | train loss 0.2273 acc 0.9266 | val loss 0.2311 F1 0.9002 top1 0.9246 | 251 img/s, 42s
  ep  4/12 | train loss 0.1703 acc 0.9455 | val loss 0.1521 F1 0.9462 top1 0.9577 | 250 img/s, 42s *
  ep  5/12 | train loss 0.1466 acc 0.9514 | val loss 0.1018 F1 0.9598 top1 0.9694 | 249 img/s, 42s *
  ep  6/12 | train loss 0.1053 acc 0.9658 | val loss 0.1576 F1 0.9479 top1 0.9560 | 250 img/s, 42s
  ep  7/12 | train loss 0.0868 acc 0.9700 | val loss 0.1011 F1 0.9655 top1 0.9737 | 246 img/s, 43s *
  ep  8/12 | train loss 0.0691 acc 0.9775 | val loss 0.0947 F1 0.9683 top1 0.9760 | 249 img/s, 42s *
  ep  9/12 | train loss 0.0542 acc 0.9819 | val loss 0.1050 F1 0.9677 top1 0.9749 | 249 img/s, 42s
  ep 10/12 | train loss 0.0430 acc 0.9852 | val loss 0.0962 F1 0.9678 top1 0.9749 | 248 img/s, 42s
  ep 11/12 | train loss 0.0383 acc 0.9874 | val loss 0.0907 F1 0.9714 top1 0.9780 | 249 img/s, 42s *
  ep 12/12 | train loss 0.0340 acc 0.9885 | val loss 0.0921 F1 0.9703 top1 0.9771 | 249 img/s, 42s
[T00 seed0] best ep 11: val macro-F1 0.9714 top1 0.9780 | 8.8 phút train | peak 4.14 GiB
===== T00 seed1 2026-10-03 19:32:27 =====
{"exp_id": "T00", "seed": 1, "fold": 0, "desc": "baseline", "backbone": "convnext_tiny", "init": "finetune", "drop_rate": 0.0, "drop_path_rate": 0.0, "img_size": 224, "eval_crop_pct": 0.875, "aug": "basic", "sampler": null, "mix": null, "mix_alpha": 1.0, "mix_prob": 1.0, "loss": "ce", "label_smoothing": 0.0, "focal_gamma": 2.0, "class_weight_beta": null, "epochs": 12, "batch_size": 64, "accum_steps": 1, "optimizer": "adamw", "momentum": 0.9, "lr_backbone": 0.0001, "lr_head": 0.001, "weight_decay": 0.05, "warmup_epochs": 1.0, "grad_clip": null, "ema_decay": null, "amp": true, "channels_last": false, "num_workers": 4, "images_dir": "data/images", "labels_dir": "data/labels", "out_dir": "runs", "pred_dir": "D:\\AI in Action\\Labs\\K4-Track4-Day2-Deeplearning-Advance\\submissions\\MSSV_pham_quang_huy\\predictions", "curves_dir": "D:\\AI in Action\\Labs\\K4-Track4-Day2-Deeplearning-Advance\\submissions\\MSSV_pham_quang_huy\\curves", "save_checkpoint": true, "max_steps_per_epoch": null, "save_test_predictions": false}
[T00 seed1] convnext_tiny.in12k_ft_in1k | 27.83M params | 4.47 GMAC | 164 bước/epoch | micro-batch 64 x 1
  ep  1/12 | train loss 0.8263 acc 0.7323 | val loss 0.3752 F1 0.8327 top1 0.8740 | 207 img/s, 51s *
  ep  2/12 | train loss 0.3208 acc 0.8971 | val loss 0.1710 F1 0.9310 top1 0.9477 | 251 img/s, 42s *
  ep  3/12 | train loss 0.2212 acc 0.9285 | val loss 0.1726 F1 0.9299 top1 0.9434 | 248 img/s, 42s
  ep  4/12 | train loss 0.1757 acc 0.9428 | val loss 0.1625 F1 0.9324 top1 0.9466 | 247 img/s, 42s *
  ep  5/12 | train loss 0.1363 acc 0.9567 | val loss 0.1243 F1 0.9541 top1 0.9649 | 248 img/s, 42s *
  ep  6/12 | train loss 0.1333 acc 0.9560 | val loss 0.1068 F1 0.9602 top1 0.9692 | 243 img/s, 43s *
  ep  7/12 | train loss 0.0900 acc 0.9707 | val loss 0.1034 F1 0.9626 top1 0.9712 | 245 img/s, 43s *
  ep  8/12 | train loss 0.0659 acc 0.9787 | val loss 0.1069 F1 0.9650 top1 0.9729 | 247 img/s, 42s *
  ep  9/12 | train loss 0.0560 acc 0.9810 | val loss 0.1034 F1 0.9649 top1 0.9732 | 247 img/s, 42s
  ep 10/12 | train loss 0.0433 acc 0.9848 | val loss 0.0970 F1 0.9680 top1 0.9754 | 249 img/s, 42s *
  ep 11/12 | train loss 0.0371 acc 0.9870 | val loss 0.0876 F1 0.9735 top1 0.9794 | 250 img/s, 42s *
  ep 12/12 | train loss 0.0374 acc 0.9879 | val loss 0.0853 F1 0.9730 top1 0.9791 | 250 img/s, 42s
[T00 seed1] best ep 11: val macro-F1 0.9735 top1 0.9794 | 8.6 phút train | peak 4.14 GiB
===== T00 seed2 2026-10-03 19:42:22 =====
{"exp_id": "T00", "seed": 2, "fold": 0, "desc": "baseline", "backbone": "convnext_tiny", "init": "finetune", "drop_rate": 0.0, "drop_path_rate": 0.0, "img_size": 224, "eval_crop_pct": 0.875, "aug": "basic", "sampler": null, "mix": null, "mix_alpha": 1.0, "mix_prob": 1.0, "loss": "ce", "label_smoothing": 0.0, "focal_gamma": 2.0, "class_weight_beta": null, "epochs": 12, "batch_size": 64, "accum_steps": 1, "optimizer": "adamw", "momentum": 0.9, "lr_backbone": 0.0001, "lr_head": 0.001, "weight_decay": 0.05, "warmup_epochs": 1.0, "grad_clip": null, "ema_decay": null, "amp": true, "channels_last": false, "num_workers": 4, "images_dir": "data/images", "labels_dir": "data/labels", "out_dir": "runs", "pred_dir": "D:\\AI in Action\\Labs\\K4-Track4-Day2-Deeplearning-Advance\\submissions\\MSSV_pham_quang_huy\\predictions", "curves_dir": "D:\\AI in Action\\Labs\\K4-Track4-Day2-Deeplearning-Advance\\submissions\\MSSV_pham_quang_huy\\curves", "save_checkpoint": true, "max_steps_per_epoch": null, "save_test_predictions": false}
[T00 seed2] convnext_tiny.in12k_ft_in1k | 27.83M params | 4.47 GMAC | 164 bước/epoch | micro-batch 64 x 1
  ep  1/12 | train loss 0.8192 acc 0.7292 | val loss 0.2662 F1 0.8852 top1 0.9112 | 209 img/s, 50s *
  ep  2/12 | train loss 0.3094 acc 0.8975 | val loss 0.3056 F1 0.8713 top1 0.8957 | 250 img/s, 42s
  ep  3/12 | train loss 0.2120 acc 0.9325 | val loss 0.1308 F1 0.9503 top1 0.9620 | 246 img/s, 43s *
  ep  4/12 | train loss 0.1737 acc 0.9445 | val loss 0.1918 F1 0.9143 top1 0.9377 | 245 img/s, 43s
  ep  5/12 | train loss 0.1492 acc 0.9517 | val loss 0.1283 F1 0.9431 top1 0.9580 | 248 img/s, 42s
  ep  6/12 | train loss 0.1136 acc 0.9631 | val loss 0.1101 F1 0.9578 top1 0.9663 | 247 img/s, 43s *
  ep  7/12 | train loss 0.0886 acc 0.9708 | val loss 0.1186 F1 0.9584 top1 0.9663 | 249 img/s, 42s *
  ep  8/12 | train loss 0.0717 acc 0.9761 | val loss 0.0993 F1 0.9686 top1 0.9757 | 250 img/s, 42s *
  ep  9/12 | train loss 0.0589 acc 0.9803 | val loss 0.1001 F1 0.9645 top1 0.9734 | 249 img/s, 42s
  ep 10/12 | train loss 0.0444 acc 0.9854 | val loss 0.0981 F1 0.9666 top1 0.9754 | 249 img/s, 42s
  ep 11/12 | train loss 0.0398 acc 0.9860 | val loss 0.0837 F1 0.9713 top1 0.9786 | 246 img/s, 43s *
  ep 12/12 | train loss 0.0333 acc 0.9885 | val loss 0.0838 F1 0.9724 top1 0.9791 | 244 img/s, 43s *
[T00 seed2] best ep 12: val macro-F1 0.9724 top1 0.9791 | 8.6 phút train | peak 4.46 GiB
===== T06 seed0 2026-10-03 19:52:26 =====
{"exp_id": "T06", "seed": 0, "fold": 0, "desc": "cutmix", "backbone": "convnext_tiny", "init": "finetune", "drop_rate": 0.0, "drop_path_rate": 0.0, "img_size": 224, "eval_crop_pct": 0.875, "aug": "basic", "sampler": null, "mix": "cutmix", "mix_alpha": 1.0, "mix_prob": 1.0, "loss": "ce", "label_smoothing": 0.0, "focal_gamma": 2.0, "class_weight_beta": null, "epochs": 12, "batch_size": 64, "accum_steps": 1, "optimizer": "adamw", "momentum": 0.9, "lr_backbone": 0.0001, "lr_head": 0.001, "weight_decay": 0.05, "warmup_epochs": 1.0, "grad_clip": null, "ema_decay": null, "amp": true, "channels_last": false, "num_workers": 4, "images_dir": "data/images", "labels_dir": "data/labels", "out_dir": "runs", "pred_dir": "D:\\AI in Action\\Labs\\K4-Track4-Day2-Deeplearning-Advance\\submissions\\MSSV_pham_quang_huy\\predictions", "curves_dir": "D:\\AI in Action\\Labs\\K4-Track4-Day2-Deeplearning-Advance\\submissions\\MSSV_pham_quang_huy\\curves", "save_checkpoint": true, "max_steps_per_epoch": null, "save_test_predictions": false}
[T06 seed0] convnext_tiny.in12k_ft_in1k | 27.83M params | 4.47 GMAC | 164 bước/epoch | micro-batch 64 x 1
  ep  1/12 | train loss 1.1626 acc nan | val loss 0.5022 F1 0.7476 top1 0.8355 | 156 img/s, 67s *
  ep  2/12 | train loss 0.8014 acc nan | val loss 0.2698 F1 0.9115 top1 0.9283 | 257 img/s, 41s *
  ep  3/12 | train loss 0.7100 acc nan | val loss 0.2261 F1 0.9130 top1 0.9249 | 252 img/s, 42s *
  ep  4/12 | train loss 0.6599 acc nan | val loss 0.1711 F1 0.9348 top1 0.9503 | 247 img/s, 42s *
  ep  5/12 | train loss 0.6150 acc nan | val loss 0.1861 F1 0.9257 top1 0.9386 | 247 img/s, 43s
  ep  6/12 | train loss 0.5935 acc nan | val loss 0.1167 F1 0.9583 top1 0.9683 | 245 img/s, 43s *
  ep  7/12 | train loss 0.5411 acc nan | val loss 0.0902 F1 0.9687 top1 0.9757 | 249 img/s, 42s *
  ep  8/12 | train loss 0.5365 acc nan | val loss 0.0995 F1 0.9644 top1 0.9729 | 250 img/s, 42s
  ep  9/12 | train loss 0.5329 acc nan | val loss 0.0909 F1 0.9673 top1 0.9749 | 249 img/s, 42s
  ep 10/12 | train loss 0.4907 acc nan | val loss 0.1015 F1 0.9635 top1 0.9714 | 250 img/s, 42s
  ep 11/12 | train loss 0.4686 acc nan | val loss 0.0885 F1 0.9688 top1 0.9754 | 251 img/s, 42s *
  ep 12/12 | train loss 0.4644 acc nan | val loss 0.0863 F1 0.9699 top1 0.9763 | 251 img/s, 42s *
[T06 seed0] best ep 12: val macro-F1 0.9699 top1 0.9763 | 8.8 phút train | peak 4.15 GiB
===== T08 seed0 2026-10-03 20:03:01 =====
{"exp_id": "T08", "seed": 0, "fold": 0, "desc": "label_smoothing", "backbone": "convnext_tiny", "init": "finetune", "drop_rate": 0.0, "drop_path_rate": 0.0, "img_size": 224, "eval_crop_pct": 0.875, "aug": "basic", "sampler": null, "mix": null, "mix_alpha": 1.0, "mix_prob": 1.0, "loss": "ls", "label_smoothing": 0.1, "focal_gamma": 2.0, "class_weight_beta": null, "epochs": 12, "batch_size": 64, "accum_steps": 1, "optimizer": "adamw", "momentum": 0.9, "lr_backbone": 0.0001, "lr_head": 0.001, "weight_decay": 0.05, "warmup_epochs": 1.0, "grad_clip": null, "ema_decay": null, "amp": true, "channels_last": false, "num_workers": 4, "images_dir": "data/images", "labels_dir": "data/labels", "out_dir": "runs", "pred_dir": "D:\\AI in Action\\Labs\\K4-Track4-Day2-Deeplearning-Advance\\submissions\\MSSV_pham_quang_huy\\predictions", "curves_dir": "D:\\AI in Action\\Labs\\K4-Track4-Day2-Deeplearning-Advance\\submissions\\MSSV_pham_quang_huy\\curves", "save_checkpoint": true, "max_steps_per_epoch": null, "save_test_predictions": false}
[T08 seed0] convnext_tiny.in12k_ft_in1k | 27.83M params | 4.47 GMAC | 164 bước/epoch | micro-batch 64 x 1
  ep  1/12 | train loss 1.0546 acc 0.7676 | val loss 0.3818 F1 0.8551 top1 0.8855 | 168 img/s, 63s *
  ep  2/12 | train loss 0.7346 acc 0.9008 | val loss 0.2466 F1 0.9416 top1 0.9563 | 257 img/s, 41s *
  ep  3/12 | train loss 0.6532 acc 0.9350 | val loss 0.2370 F1 0.9362 top1 0.9520 | 255 img/s, 41s
  ep  4/12 | train loss 0.6187 acc 0.9470 | val loss 0.1977 F1 0.9538 top1 0.9634 | 255 img/s, 41s *
  ep  5/12 | train loss 0.5961 acc 0.9566 | val loss 0.1934 F1 0.9547 top1 0.9649 | 254 img/s, 41s *
  ep  6/12 | train loss 0.5748 acc 0.9643 | val loss 0.2078 F1 0.9539 top1 0.9637 | 253 img/s, 42s
  ep  7/12 | train loss 0.5610 acc 0.9688 | val loss 0.1972 F1 0.9573 top1 0.9672 | 250 img/s, 42s *
  ep  8/12 | train loss 0.5414 acc 0.9786 | val loss 0.1730 F1 0.9611 top1 0.9709 | 252 img/s, 42s *
  ep  9/12 | train loss 0.5320 acc 0.9815 | val loss 0.1596 F1 0.9703 top1 0.9769 | 251 img/s, 42s *
  ep 10/12 | train loss 0.5223 acc 0.9855 | val loss 0.1806 F1 0.9608 top1 0.9689 | 252 img/s, 42s
  ep 11/12 | train loss 0.5211 acc 0.9858 | val loss 0.1637 F1 0.9684 top1 0.9760 | 249 img/s, 42s
  ep 12/12 | train loss 0.5170 acc 0.9874 | val loss 0.1652 F1 0.9684 top1 0.9760 | 249 img/s, 42s
[T08 seed0] best ep 9: val macro-F1 0.9703 top1 0.9769 | 8.7 phút train | peak 4.14 GiB
===== T09 seed0 2026-10-03 20:13:18 =====
{"exp_id": "T09", "seed": 0, "fold": 0, "desc": "focal", "backbone": "convnext_tiny", "init": "finetune", "drop_rate": 0.0, "drop_path_rate": 0.0, "img_size": 224, "eval_crop_pct": 0.875, "aug": "basic", "sampler": null, "mix": null, "mix_alpha": 1.0, "mix_prob": 1.0, "loss": "focal", "label_smoothing": 0.0, "focal_gamma": 2.0, "class_weight_beta": null, "epochs": 12, "batch_size": 64, "accum_steps": 1, "optimizer": "adamw", "momentum": 0.9, "lr_backbone": 0.0001, "lr_head": 0.001, "weight_decay": 0.05, "warmup_epochs": 1.0, "grad_clip": null, "ema_decay": null, "amp": true, "channels_last": false, "num_workers": 4, "images_dir": "data/images", "labels_dir": "data/labels", "out_dir": "runs", "pred_dir": "D:\\AI in Action\\Labs\\K4-Track4-Day2-Deeplearning-Advance\\submissions\\MSSV_pham_quang_huy\\predictions", "curves_dir": "D:\\AI in Action\\Labs\\K4-Track4-Day2-Deeplearning-Advance\\submissions\\MSSV_pham_quang_huy\\curves", "save_checkpoint": true, "max_steps_per_epoch": null, "save_test_predictions": false}
[T09 seed0] convnext_tiny.in12k_ft_in1k | 27.83M params | 4.47 GMAC | 164 bước/epoch | micro-batch 64 x 1
  ep  1/12 | train loss 0.4702 acc 0.7524 | val loss 0.4755 F1 0.8052 top1 0.8575 | 162 img/s, 65s *
  ep  2/12 | train loss 0.1763 acc 0.8831 | val loss 0.2628 F1 0.9185 top1 0.9372 | 254 img/s, 41s *
  ep  3/12 | train loss 0.1165 acc 0.9198 | val loss 0.2647 F1 0.9149 top1 0.9274 | 252 img/s, 42s
  ep  4/12 | train loss 0.0888 acc 0.9359 | val loss 0.1881 F1 0.9417 top1 0.9563 | 253 img/s, 41s *
  ep  5/12 | train loss 0.0627 acc 0.9530 | val loss 0.1475 F1 0.9489 top1 0.9612 | 255 img/s, 41s *
  ep  6/12 | train loss 0.0517 acc 0.9612 | val loss 0.1783 F1 0.9455 top1 0.9554 | 253 img/s, 42s
  ep  7/12 | train loss 0.0408 acc 0.9666 | val loss 0.1211 F1 0.9636 top1 0.9714 | 252 img/s, 42s *
  ep  8/12 | train loss 0.0305 acc 0.9769 | val loss 0.1272 F1 0.9587 top1 0.9666 | 258 img/s, 41s
  ep  9/12 | train loss 0.0280 acc 0.9785 | val loss 0.1148 F1 0.9570 top1 0.9672 | 258 img/s, 41s
  ep 10/12 | train loss 0.0187 acc 0.9850 | val loss 0.1022 F1 0.9651 top1 0.9732 | 260 img/s, 40s *
  ep 11/12 | train loss 0.0195 acc 0.9850 | val loss 0.0959 F1 0.9720 top1 0.9786 | 261 img/s, 40s *
  ep 12/12 | train loss 0.0157 acc 0.9879 | val loss 0.0973 F1 0.9697 top1 0.9769 | 261 img/s, 40s
[T09 seed0] best ep 11: val macro-F1 0.9720 top1 0.9786 | 8.6 phút train | peak 4.14 GiB
===== T10 seed0 2026-10-03 20:23:30 =====
{"exp_id": "T10", "seed": 0, "fold": 0, "desc": "ce_weighted", "backbone": "convnext_tiny", "init": "finetune", "drop_rate": 0.0, "drop_path_rate": 0.0, "img_size": 224, "eval_crop_pct": 0.875, "aug": "basic", "sampler": null, "mix": null, "mix_alpha": 1.0, "mix_prob": 1.0, "loss": "ce_weighted", "label_smoothing": 0.0, "focal_gamma": 2.0, "class_weight_beta": null, "epochs": 12, "batch_size": 64, "accum_steps": 1, "optimizer": "adamw", "momentum": 0.9, "lr_backbone": 0.0001, "lr_head": 0.001, "weight_decay": 0.05, "warmup_epochs": 1.0, "grad_clip": null, "ema_decay": null, "amp": true, "channels_last": false, "num_workers": 4, "images_dir": "data/images", "labels_dir": "data/labels", "out_dir": "runs", "pred_dir": "D:\\AI in Action\\Labs\\K4-Track4-Day2-Deeplearning-Advance\\submissions\\MSSV_pham_quang_huy\\predictions", "curves_dir": "D:\\AI in Action\\Labs\\K4-Track4-Day2-Deeplearning-Advance\\submissions\\MSSV_pham_quang_huy\\curves", "save_checkpoint": true, "max_steps_per_epoch": null, "save_test_predictions": false}
[T10 seed0] convnext_tiny.in12k_ft_in1k | 27.83M params | 4.47 GMAC | 164 bước/epoch | micro-batch 64 x 1
  ep  1/12 | train loss 0.8600 acc 0.6266 | val loss 0.9212 F1 0.7491 top1 0.7366 | 171 img/s, 61s *
  ep  2/12 | train loss 0.3918 acc 0.8174 | val loss 0.3338 F1 0.8779 top1 0.8937 | 264 img/s, 40s *
  ep  3/12 | train loss 0.3061 acc 0.8589 | val loss 0.6050 F1 0.8235 top1 0.8112 | 260 img/s, 40s
  ep  4/12 | train loss 0.2198 acc 0.8964 | val loss 0.1834 F1 0.9329 top1 0.9440 | 259 img/s, 40s *
  ep  5/12 | train loss 0.1644 acc 0.9181 | val loss 0.1533 F1 0.9466 top1 0.9580 | 259 img/s, 41s *
  ep  6/12 | train loss 0.1280 acc 0.9373 | val loss 0.2086 F1 0.9280 top1 0.9360 | 260 img/s, 40s
  ep  7/12 | train loss 0.1046 acc 0.9423 | val loss 0.1637 F1 0.9471 top1 0.9540 | 260 img/s, 40s *
  ep  8/12 | train loss 0.0809 acc 0.9576 | val loss 0.1523 F1 0.9437 top1 0.9546 | 261 img/s, 40s
  ep  9/12 | train loss 0.0754 acc 0.9625 | val loss 0.0892 F1 0.9713 top1 0.9780 | 262 img/s, 40s *
  ep 10/12 | train loss 0.0529 acc 0.9718 | val loss 0.1016 F1 0.9646 top1 0.9714 | 261 img/s, 40s
  ep 11/12 | train loss 0.0519 acc 0.9721 | val loss 0.1013 F1 0.9666 top1 0.9732 | 262 img/s, 40s
  ep 12/12 | train loss 0.0463 acc 0.9743 | val loss 0.0981 F1 0.9668 top1 0.9734 | 262 img/s, 40s
[T10 seed0] best ep 9: val macro-F1 0.9713 top1 0.9780 | 8.4 phút train | peak 4.14 GiB
===== T13 seed0 2026-10-03 20:33:24 =====
{"exp_id": "T13", "seed": 0, "fold": 0, "desc": "ema", "backbone": "convnext_tiny", "init": "finetune", "drop_rate": 0.0, "drop_path_rate": 0.0, "img_size": 224, "eval_crop_pct": 0.875, "aug": "basic", "sampler": null, "mix": null, "mix_alpha": 1.0, "mix_prob": 1.0, "loss": "ce", "label_smoothing": 0.0, "focal_gamma": 2.0, "class_weight_beta": null, "epochs": 12, "batch_size": 64, "accum_steps": 1, "optimizer": "adamw", "momentum": 0.9, "lr_backbone": 0.0001, "lr_head": 0.001, "weight_decay": 0.05, "warmup_epochs": 1.0, "grad_clip": null, "ema_decay": 0.999, "amp": true, "channels_last": false, "num_workers": 4, "images_dir": "data/images", "labels_dir": "data/labels", "out_dir": "runs", "pred_dir": "D:\\AI in Action\\Labs\\K4-Track4-Day2-Deeplearning-Advance\\submissions\\MSSV_pham_quang_huy\\predictions", "curves_dir": "D:\\AI in Action\\Labs\\K4-Track4-Day2-Deeplearning-Advance\\submissions\\MSSV_pham_quang_huy\\curves", "save_checkpoint": true, "max_steps_per_epoch": null, "save_test_predictions": false}
[T13 seed0] convnext_tiny.in12k_ft_in1k | 27.83M params | 4.47 GMAC | 164 bước/epoch | micro-batch 64 x 1
  ep  1/12 | train loss 0.7414 acc 0.7568 | val loss 0.2075 F1 0.9163 top1 0.9354 (raw F1 0.8224) | 171 img/s, 61s *
  ep  2/12 | train loss 0.3214 acc 0.8922 | val loss 0.1220 F1 0.9518 top1 0.9629 (raw F1 0.9264) | 262 img/s, 40s *
  ep  3/12 | train loss 0.2281 acc 0.9263 | val loss 0.1047 F1 0.9591 top1 0.9683 (raw F1 0.9175) | 259 img/s, 41s *
  ep  4/12 | train loss 0.1767 acc 0.9410 | val loss 0.0852 F1 0.9657 top1 0.9737 (raw F1 0.9384) | 259 img/s, 40s *
  ep  5/12 | train loss 0.1425 acc 0.9546 | val loss 0.0854 F1 0.9693 top1 0.9760 (raw F1 0.9467) | 259 img/s, 41s *
  ep  6/12 | train loss 0.1063 acc 0.9663 | val loss 0.0854 F1 0.9666 top1 0.9746 (raw F1 0.9563) | 260 img/s, 40s
  ep  7/12 | train loss 0.0856 acc 0.9735 | val loss 0.0796 F1 0.9722 top1 0.9783 (raw F1 0.9665) | 260 img/s, 40s *
  ep  8/12 | train loss 0.0660 acc 0.9781 | val loss 0.0780 F1 0.9725 top1 0.9786 (raw F1 0.9681) | 260 img/s, 40s *
  ep  9/12 | train loss 0.0560 acc 0.9818 | val loss 0.0788 F1 0.9751 top1 0.9803 (raw F1 0.9729) | 260 img/s, 40s *
  ep 10/12 | train loss 0.0398 acc 0.9870 | val loss 0.0863 F1 0.9729 top1 0.9786 (raw F1 0.9675) | 260 img/s, 40s
  ep 11/12 | train loss 0.0405 acc 0.9864 | val loss 0.0857 F1 0.9732 top1 0.9791 (raw F1 0.9723) | 261 img/s, 40s
  ep 12/12 | train loss 0.0355 acc 0.9883 | val loss 0.0865 F1 0.9723 top1 0.9786 (raw F1 0.9723) | 261 img/s, 40s
[T13 seed0] best ep 9: val macro-F1 0.9751 top1 0.9803 | 8.4 phút train | peak 4.25 GiB
===== T02 seed0 2026-10-03 20:44:17 =====
{"exp_id": "T02", "seed": 0, "fold": 0, "desc": "frozen", "backbone": "convnext_tiny", "init": "frozen", "drop_rate": 0.0, "drop_path_rate": 0.0, "img_size": 224, "eval_crop_pct": 0.875, "aug": "basic", "sampler": null, "mix": null, "mix_alpha": 1.0, "mix_prob": 1.0, "loss": "ce", "label_smoothing": 0.0, "focal_gamma": 2.0, "class_weight_beta": null, "epochs": 12, "batch_size": 64, "accum_steps": 1, "optimizer": "adamw", "momentum": 0.9, "lr_backbone": 0.0001, "lr_head": 0.001, "weight_decay": 0.05, "warmup_epochs": 1.0, "grad_clip": null, "ema_decay": null, "amp": true, "channels_last": false, "num_workers": 4, "images_dir": "data/images", "labels_dir": "data/labels", "out_dir": "runs", "pred_dir": "D:\\AI in Action\\Labs\\K4-Track4-Day2-Deeplearning-Advance\\submissions\\MSSV_pham_quang_huy\\predictions", "curves_dir": "D:\\AI in Action\\Labs\\K4-Track4-Day2-Deeplearning-Advance\\submissions\\MSSV_pham_quang_huy\\curves", "save_checkpoint": true, "max_steps_per_epoch": null, "save_test_predictions": false}
[T02 seed0] convnext_tiny.in12k_ft_in1k | 27.83M params | 4.47 GMAC | 164 bước/epoch | micro-batch 64 x 1
  ep  1/12 | train loss 1.2279 acc 0.5953 | val loss 0.6704 F1 0.7369 top1 0.7952 | 390 img/s, 27s *
  ep  2/12 | train loss 0.6096 acc 0.7954 | val loss 0.5058 F1 0.7909 top1 0.8383 | 746 img/s, 14s *
  ep  3/12 | train loss 0.5139 acc 0.8295 | val loss 0.4593 F1 0.8106 top1 0.8526 | 744 img/s, 14s *
  ep  4/12 | train loss 0.4575 acc 0.8495 | val loss 0.4345 F1 0.8179 top1 0.8578 | 740 img/s, 14s *
  ep  5/12 | train loss 0.4230 acc 0.8602 | val loss 0.4188 F1 0.8252 top1 0.8638 | 739 img/s, 14s *
  ep  6/12 | train loss 0.4155 acc 0.8637 | val loss 0.3949 F1 0.8378 top1 0.8732 | 741 img/s, 14s *
  ep  7/12 | train loss 0.3936 acc 0.8709 | val loss 0.3781 F1 0.8430 top1 0.8755 | 733 img/s, 14s *
  ep  8/12 | train loss 0.3708 acc 0.8813 | val loss 0.3790 F1 0.8422 top1 0.8757 | 735 img/s, 14s
  ep  9/12 | train loss 0.3759 acc 0.8749 | val loss 0.3745 F1 0.8393 top1 0.8729 | 735 img/s, 14s
  ep 10/12 | train loss 0.3690 acc 0.8793 | val loss 0.3692 F1 0.8449 top1 0.8772 | 733 img/s, 14s *
  ep 11/12 | train loss 0.3675 acc 0.8794 | val loss 0.3665 F1 0.8479 top1 0.8797 | 734 img/s, 14s *
  ep 12/12 | train loss 0.3673 acc 0.8815 | val loss 0.3661 F1 0.8464 top1 0.8786 | 733 img/s, 14s
[T02 seed0] best ep 11: val macro-F1 0.8479 top1 0.8797 | 3.1 phút train | peak 1.20 GiB
===== T01 seed0 2026-10-03 20:48:48 =====
{"exp_id": "T01", "seed": 0, "fold": 0, "desc": "scratch", "backbone": "convnext_tiny", "init": "scratch", "drop_rate": 0.0, "drop_path_rate": 0.0, "img_size": 224, "eval_crop_pct": 0.875, "aug": "basic", "sampler": null, "mix": null, "mix_alpha": 1.0, "mix_prob": 1.0, "loss": "ce", "label_smoothing": 0.0, "focal_gamma": 2.0, "class_weight_beta": null, "epochs": 12, "batch_size": 64, "accum_steps": 1, "optimizer": "adamw", "momentum": 0.9, "lr_backbone": 0.0001, "lr_head": 0.001, "weight_decay": 0.05, "warmup_epochs": 1.0, "grad_clip": null, "ema_decay": null, "amp": true, "channels_last": false, "num_workers": 4, "images_dir": "data/images", "labels_dir": "data/labels", "out_dir": "runs", "pred_dir": "D:\\AI in Action\\Labs\\K4-Track4-Day2-Deeplearning-Advance\\submissions\\MSSV_pham_quang_huy\\predictions", "curves_dir": "D:\\AI in Action\\Labs\\K4-Track4-Day2-Deeplearning-Advance\\submissions\\MSSV_pham_quang_huy\\curves", "save_checkpoint": true, "max_steps_per_epoch": null, "save_test_predictions": false}
[T01 seed0] convnext_tiny (random-init) | 27.83M params | 4.47 GMAC | 164 bước/epoch | micro-batch 64 x 1
  ep  1/12 | train loss 1.6967 acc 0.4918 | val loss 1.5912 F1 0.1169 top1 0.5256 | 173 img/s, 61s *
  ep  2/12 | train loss 1.6039 acc 0.5217 | val loss 1.5917 F1 0.1188 top1 0.5219 | 268 img/s, 39s *
  ep  3/12 | train loss 1.5320 acc 0.5249 | val loss 1.4340 F1 0.1528 top1 0.5296 | 267 img/s, 39s *
  ep  4/12 | train loss 1.4624 acc 0.5316 | val loss 1.4818 F1 0.2327 top1 0.5101 | 266 img/s, 40s *
  ep  5/12 | train loss 1.3881 acc 0.5375 | val loss 1.3150 F1 0.1958 top1 0.5533 | 264 img/s, 40s
  ep  6/12 | train loss 1.3617 acc 0.5476 | val loss 1.3783 F1 0.2412 top1 0.5233 | 265 img/s, 40s *
  ep  7/12 | train loss 1.3189 acc 0.5514 | val loss 1.3825 F1 0.2385 top1 0.5330 | 266 img/s, 39s
  ep  8/12 | train loss 1.2895 acc 0.5539 | val loss 1.2247 F1 0.2959 top1 0.5761 | 265 img/s, 40s *
  ep  9/12 | train loss 1.2497 acc 0.5660 | val loss 1.2594 F1 0.2709 top1 0.5713 | 265 img/s, 40s
  ep 10/12 | train loss 1.2322 acc 0.5735 | val loss 1.2455 F1 0.2924 top1 0.5753 | 265 img/s, 40s
  ep 11/12 | train loss 1.2103 acc 0.5783 | val loss 1.2365 F1 0.3111 top1 0.5693 | 266 img/s, 40s *
  ep 12/12 | train loss 1.2037 acc 0.5801 | val loss 1.2040 F1 0.3270 top1 0.5844 | 265 img/s, 40s *
[T01 seed0] best ep 12: val macro-F1 0.3270 top1 0.5844 | 8.3 phút train | peak 4.14 GiB
===== T03 seed0 2026-10-03 20:58:32 =====
{"exp_id": "T03", "seed": 0, "fold": 0, "desc": "color", "backbone": "convnext_tiny", "init": "finetune", "drop_rate": 0.0, "drop_path_rate": 0.0, "img_size": 224, "eval_crop_pct": 0.875, "aug": "color", "sampler": null, "mix": null, "mix_alpha": 1.0, "mix_prob": 1.0, "loss": "ce", "label_smoothing": 0.0, "focal_gamma": 2.0, "class_weight_beta": null, "epochs": 12, "batch_size": 64, "accum_steps": 1, "optimizer": "adamw", "momentum": 0.9, "lr_backbone": 0.0001, "lr_head": 0.001, "weight_decay": 0.05, "warmup_epochs": 1.0, "grad_clip": null, "ema_decay": null, "amp": true, "channels_last": false, "num_workers": 4, "images_dir": "data/images", "labels_dir": "data/labels", "out_dir": "runs", "pred_dir": "D:\\AI in Action\\Labs\\K4-Track4-Day2-Deeplearning-Advance\\submissions\\MSSV_pham_quang_huy\\predictions", "curves_dir": "D:\\AI in Action\\Labs\\K4-Track4-Day2-Deeplearning-Advance\\submissions\\MSSV_pham_quang_huy\\curves", "save_checkpoint": true, "max_steps_per_epoch": null, "save_test_predictions": false}
[T03 seed0] convnext_tiny.in12k_ft_in1k | 27.83M params | 4.47 GMAC | 164 bước/epoch | micro-batch 64 x 1
  ep  1/12 | train loss 0.7815 acc 0.7434 | val loss 0.4073 F1 0.8186 top1 0.8723 | 171 img/s, 61s *
  ep  2/12 | train loss 0.3735 acc 0.8743 | val loss 0.2287 F1 0.9101 top1 0.9297 | 266 img/s, 39s *
  ep  3/12 | train loss 0.2714 acc 0.9112 | val loss 0.1992 F1 0.9180 top1 0.9340 | 266 img/s, 40s *
  ep  4/12 | train loss 0.2061 acc 0.9355 | val loss 0.1605 F1 0.9373 top1 0.9480 | 265 img/s, 40s *
  ep  5/12 | train loss 0.1819 acc 0.9405 | val loss 0.1259 F1 0.9523 top1 0.9634 | 266 img/s, 40s *
  ep  6/12 | train loss 0.1413 acc 0.9507 | val loss 0.1106 F1 0.9587 top1 0.9663 | 265 img/s, 40s *
  ep  7/12 | train loss 0.1256 acc 0.9598 | val loss 0.1185 F1 0.9559 top1 0.9652 | 265 img/s, 40s
  ep  8/12 | train loss 0.0921 acc 0.9705 | val loss 0.1107 F1 0.9558 top1 0.9646 | 265 img/s, 40s
  ep  9/12 | train loss 0.0724 acc 0.9764 | val loss 0.1007 F1 0.9659 top1 0.9726 | 265 img/s, 40s *
  ep 10/12 | train loss 0.0605 acc 0.9802 | val loss 0.0944 F1 0.9669 top1 0.9734 | 266 img/s, 39s *
  ep 11/12 | train loss 0.0493 acc 0.9835 | val loss 0.0908 F1 0.9688 top1 0.9757 | 266 img/s, 39s *
  ep 12/12 | train loss 0.0461 acc 0.9856 | val loss 0.0890 F1 0.9707 top1 0.9769 | 266 img/s, 39s *
[T03 seed0] best ep 12: val macro-F1 0.9707 top1 0.9769 | 8.3 phút train | peak 4.14 GiB
===== T04 seed0 2026-10-03 21:08:15 =====
{"exp_id": "T04", "seed": 0, "fold": 0, "desc": "trivialaug", "backbone": "convnext_tiny", "init": "finetune", "drop_rate": 0.0, "drop_path_rate": 0.0, "img_size": 224, "eval_crop_pct": 0.875, "aug": "trivial", "sampler": null, "mix": null, "mix_alpha": 1.0, "mix_prob": 1.0, "loss": "ce", "label_smoothing": 0.0, "focal_gamma": 2.0, "class_weight_beta": null, "epochs": 12, "batch_size": 64, "accum_steps": 1, "optimizer": "adamw", "momentum": 0.9, "lr_backbone": 0.0001, "lr_head": 0.001, "weight_decay": 0.05, "warmup_epochs": 1.0, "grad_clip": null, "ema_decay": null, "amp": true, "channels_last": false, "num_workers": 4, "images_dir": "data/images", "labels_dir": "data/labels", "out_dir": "runs", "pred_dir": "D:\\AI in Action\\Labs\\K4-Track4-Day2-Deeplearning-Advance\\submissions\\MSSV_pham_quang_huy\\predictions", "curves_dir": "D:\\AI in Action\\Labs\\K4-Track4-Day2-Deeplearning-Advance\\submissions\\MSSV_pham_quang_huy\\curves", "save_checkpoint": true, "max_steps_per_epoch": null, "save_test_predictions": false}
[T04 seed0] convnext_tiny.in12k_ft_in1k | 27.83M params | 4.47 GMAC | 164 bước/epoch | micro-batch 64 x 1
  ep  1/12 | train loss 0.8316 acc 0.7248 | val loss 0.3109 F1 0.8647 top1 0.9020 | 172 img/s, 61s *
  ep  2/12 | train loss 0.3974 acc 0.8678 | val loss 0.2688 F1 0.8991 top1 0.9097 | 268 img/s, 39s *
  ep  3/12 | train loss 0.3036 acc 0.8968 | val loss 0.2792 F1 0.8922 top1 0.9115 | 267 img/s, 39s
  ep  4/12 | train loss 0.2457 acc 0.9226 | val loss 0.1455 F1 0.9412 top1 0.9563 | 267 img/s, 39s *
  ep  5/12 | train loss 0.2211 acc 0.9260 | val loss 0.1078 F1 0.9599 top1 0.9683 | 267 img/s, 39s *
  ep  6/12 | train loss 0.1720 acc 0.9444 | val loss 0.1612 F1 0.9391 top1 0.9500 | 267 img/s, 39s
  ep  7/12 | train loss 0.1438 acc 0.9512 | val loss 0.1258 F1 0.9489 top1 0.9614 | 267 img/s, 39s
  ep  8/12 | train loss 0.1179 acc 0.9621 | val loss 0.1079 F1 0.9643 top1 0.9729 | 267 img/s, 39s *
  ep  9/12 | train loss 0.1038 acc 0.9664 | val loss 0.0931 F1 0.9675 top1 0.9757 | 268 img/s, 39s *
  ep 10/12 | train loss 0.0801 acc 0.9720 | val loss 0.0805 F1 0.9708 top1 0.9780 | 268 img/s, 39s *
  ep 11/12 | train loss 0.0747 acc 0.9733 | val loss 0.0819 F1 0.9716 top1 0.9777 | 268 img/s, 39s *
  ep 12/12 | train loss 0.0682 acc 0.9786 | val loss 0.0808 F1 0.9727 top1 0.9783 | 268 img/s, 39s *
[T04 seed0] best ep 12: val macro-F1 0.9727 top1 0.9783 | 8.2 phút train | peak 4.14 GiB
===== T05 seed0 2026-10-03 21:17:55 =====
{"exp_id": "T05", "seed": 0, "fold": 0, "desc": "geo_d4", "backbone": "convnext_tiny", "init": "finetune", "drop_rate": 0.0, "drop_path_rate": 0.0, "img_size": 224, "eval_crop_pct": 0.875, "aug": "geo", "sampler": null, "mix": null, "mix_alpha": 1.0, "mix_prob": 1.0, "loss": "ce", "label_smoothing": 0.0, "focal_gamma": 2.0, "class_weight_beta": null, "epochs": 12, "batch_size": 64, "accum_steps": 1, "optimizer": "adamw", "momentum": 0.9, "lr_backbone": 0.0001, "lr_head": 0.001, "weight_decay": 0.05, "warmup_epochs": 1.0, "grad_clip": null, "ema_decay": null, "amp": true, "channels_last": false, "num_workers": 4, "images_dir": "data/images", "labels_dir": "data/labels", "out_dir": "runs", "pred_dir": "D:\\AI in Action\\Labs\\K4-Track4-Day2-Deeplearning-Advance\\submissions\\MSSV_pham_quang_huy\\predictions", "curves_dir": "D:\\AI in Action\\Labs\\K4-Track4-Day2-Deeplearning-Advance\\submissions\\MSSV_pham_quang_huy\\curves", "save_checkpoint": true, "max_steps_per_epoch": null, "save_test_predictions": false}
[T05 seed0] convnext_tiny.in12k_ft_in1k | 27.83M params | 4.47 GMAC | 164 bước/epoch | micro-batch 64 x 1
  ep  1/12 | train loss 0.7834 acc 0.7464 | val loss 0.5653 F1 0.7326 top1 0.8269 | 173 img/s, 61s *
  ep  2/12 | train loss 0.3460 acc 0.8867 | val loss 0.1979 F1 0.9170 top1 0.9360 | 269 img/s, 39s *
  ep  3/12 | train loss 0.2523 acc 0.9164 | val loss 0.1785 F1 0.9239 top1 0.9417 | 268 img/s, 39s *
  ep  4/12 | train loss 0.1942 acc 0.9362 | val loss 0.1189 F1 0.9549 top1 0.9649 | 268 img/s, 39s *
  ep  5/12 | train loss 0.1647 acc 0.9472 | val loss 0.1478 F1 0.9379 top1 0.9509 | 265 img/s, 40s
  ep  6/12 | train loss 0.1362 acc 0.9559 | val loss 0.1305 F1 0.9504 top1 0.9623 | 263 img/s, 40s
  ep  7/12 | train loss 0.1077 acc 0.9636 | val loss 0.1108 F1 0.9599 top1 0.9686 | 262 img/s, 40s *
  ep  8/12 | train loss 0.0908 acc 0.9698 | val loss 0.0861 F1 0.9731 top1 0.9789 | 265 img/s, 40s *
  ep  9/12 | train loss 0.0680 acc 0.9777 | val loss 0.0864 F1 0.9718 top1 0.9777 | 263 img/s, 40s
  ep 10/12 | train loss 0.0572 acc 0.9818 | val loss 0.0850 F1 0.9684 top1 0.9760 | 266 img/s, 40s
  ep 11/12 | train loss 0.0405 acc 0.9867 | val loss 0.0826 F1 0.9723 top1 0.9789 | 263 img/s, 40s
  ep 12/12 | train loss 0.0422 acc 0.9857 | val loss 0.0840 F1 0.9710 top1 0.9777 | 264 img/s, 40s
[T05 seed0] best ep 8: val macro-F1 0.9731 top1 0.9789 | 8.3 phút train | peak 4.14 GiB
===== T11 seed0 2026-10-03 21:27:43 =====
{"exp_id": "T11", "seed": 0, "fold": 0, "desc": "balanced_sampler", "backbone": "convnext_tiny", "init": "finetune", "drop_rate": 0.0, "drop_path_rate": 0.0, "img_size": 224, "eval_crop_pct": 0.875, "aug": "basic", "sampler": "balanced", "mix": null, "mix_alpha": 1.0, "mix_prob": 1.0, "loss": "ce", "label_smoothing": 0.0, "focal_gamma": 2.0, "class_weight_beta": null, "epochs": 12, "batch_size": 64, "accum_steps": 1, "optimizer": "adamw", "momentum": 0.9, "lr_backbone": 0.0001, "lr_head": 0.001, "weight_decay": 0.05, "warmup_epochs": 1.0, "grad_clip": null, "ema_decay": null, "amp": true, "channels_last": false, "num_workers": 4, "images_dir": "data/images", "labels_dir": "data/labels", "out_dir": "runs", "pred_dir": "D:\\AI in Action\\Labs\\K4-Track4-Day2-Deeplearning-Advance\\submissions\\MSSV_pham_quang_huy\\predictions", "curves_dir": "D:\\AI in Action\\Labs\\K4-Track4-Day2-Deeplearning-Advance\\submissions\\MSSV_pham_quang_huy\\curves", "save_checkpoint": true, "max_steps_per_epoch": null, "save_test_predictions": false}
[T11 seed0] convnext_tiny.in12k_ft_in1k | 27.83M params | 4.47 GMAC | 164 bước/epoch | micro-batch 64 x 1
  ep  1/12 | train loss 0.7496 acc 0.7437 | val loss 0.5745 F1 0.8121 top1 0.8166 | 171 img/s, 61s *
  ep  2/12 | train loss 0.3143 acc 0.8958 | val loss 0.4506 F1 0.8399 top1 0.8318 | 267 img/s, 39s *
  ep  3/12 | train loss 0.2122 acc 0.9294 | val loss 0.3737 F1 0.8855 top1 0.8895 | 267 img/s, 39s *
  ep  4/12 | train loss 0.1654 acc 0.9451 | val loss 0.3208 F1 0.8931 top1 0.9026 | 266 img/s, 39s *
  ep  5/12 | train loss 0.1361 acc 0.9556 | val loss 0.1496 F1 0.9506 top1 0.9560 | 266 img/s, 40s *
  ep  6/12 | train loss 0.1033 acc 0.9649 | val loss 0.1344 F1 0.9541 top1 0.9620 | 266 img/s, 39s *
  ep  7/12 | train loss 0.0820 acc 0.9727 | val loss 0.1417 F1 0.9507 top1 0.9594 | 266 img/s, 40s
  ep  8/12 | train loss 0.0635 acc 0.9771 | val loss 0.1637 F1 0.9473 top1 0.9537 | 267 img/s, 39s
  ep  9/12 | train loss 0.0481 acc 0.9832 | val loss 0.1097 F1 0.9674 top1 0.9754 | 267 img/s, 39s *
  ep 10/12 | train loss 0.0470 acc 0.9847 | val loss 0.1051 F1 0.9690 top1 0.9754 | 267 img/s, 39s *
  ep 11/12 | train loss 0.0380 acc 0.9871 | val loss 0.0947 F1 0.9718 top1 0.9780 | 266 img/s, 39s *
  ep 12/12 | train loss 0.0350 acc 0.9883 | val loss 0.0948 F1 0.9715 top1 0.9777 | 265 img/s, 40s
[T11 seed0] best ep 11: val macro-F1 0.9718 top1 0.9780 | 8.3 phút train | peak 4.14 GiB
===== T07 seed0 2026-10-03 21:37:30 =====
{"exp_id": "T07", "seed": 0, "fold": 0, "desc": "mixup", "backbone": "convnext_tiny", "init": "finetune", "drop_rate": 0.0, "drop_path_rate": 0.0, "img_size": 224, "eval_crop_pct": 0.875, "aug": "basic", "sampler": null, "mix": "mixup", "mix_alpha": 0.2, "mix_prob": 1.0, "loss": "ce", "label_smoothing": 0.0, "focal_gamma": 2.0, "class_weight_beta": null, "epochs": 12, "batch_size": 64, "accum_steps": 1, "optimizer": "adamw", "momentum": 0.9, "lr_backbone": 0.0001, "lr_head": 0.001, "weight_decay": 0.05, "warmup_epochs": 1.0, "grad_clip": null, "ema_decay": null, "amp": true, "channels_last": false, "num_workers": 4, "images_dir": "data/images", "labels_dir": "data/labels", "out_dir": "runs", "pred_dir": "D:\\AI in Action\\Labs\\K4-Track4-Day2-Deeplearning-Advance\\submissions\\MSSV_pham_quang_huy\\predictions", "curves_dir": "D:\\AI in Action\\Labs\\K4-Track4-Day2-Deeplearning-Advance\\submissions\\MSSV_pham_quang_huy\\curves", "save_checkpoint": true, "max_steps_per_epoch": null, "save_test_predictions": false}
[T07 seed0] convnext_tiny.in12k_ft_in1k | 27.83M params | 4.47 GMAC | 164 bước/epoch | micro-batch 64 x 1
  ep  1/12 | train loss 0.9587 acc nan | val loss 0.2660 F1 0.8938 top1 0.9152 | 160 img/s, 65s *
  ep  2/12 | train loss 0.5867 acc nan | val loss 0.1867 F1 0.9354 top1 0.9494 | 265 img/s, 40s *
  ep  3/12 | train loss 0.5247 acc nan | val loss 0.2911 F1 0.8859 top1 0.9060 | 261 img/s, 40s
  ep  4/12 | train loss 0.4770 acc nan | val loss 0.1354 F1 0.9504 top1 0.9632 | 260 img/s, 40s *
  ep  5/12 | train loss 0.4795 acc nan | val loss 0.1051 F1 0.9689 top1 0.9754 | 259 img/s, 41s *
  ep  6/12 | train loss 0.4157 acc nan | val loss 0.1191 F1 0.9610 top1 0.9689 | 259 img/s, 41s
  ep  7/12 | train loss 0.4352 acc nan | val loss 0.1031 F1 0.9640 top1 0.9717 | 258 img/s, 41s
  ep  8/12 | train loss 0.3507 acc nan | val loss 0.0816 F1 0.9695 top1 0.9769 | 258 img/s, 41s *
  ep  9/12 | train loss 0.3561 acc nan | val loss 0.1006 F1 0.9660 top1 0.9723 | 258 img/s, 41s
  ep 10/12 | train loss 0.3358 acc nan | val loss 0.0868 F1 0.9673 top1 0.9746 | 259 img/s, 41s
  ep 11/12 | train loss 0.3897 acc nan | val loss 0.0774 F1 0.9735 top1 0.9791 | 259 img/s, 40s *
  ep 12/12 | train loss 0.3690 acc nan | val loss 0.0790 F1 0.9750 top1 0.9797 | 259 img/s, 41s *
[T07 seed0] best ep 12: val macro-F1 0.9750 top1 0.9797 | 8.5 phút train | peak 4.14 GiB
===== T12 seed0 2026-10-03 21:47:34 =====
{"exp_id": "T12", "seed": 0, "fold": 0, "desc": "same_lr", "backbone": "convnext_tiny", "init": "finetune", "drop_rate": 0.0, "drop_path_rate": 0.0, "img_size": 224, "eval_crop_pct": 0.875, "aug": "basic", "sampler": null, "mix": null, "mix_alpha": 1.0, "mix_prob": 1.0, "loss": "ce", "label_smoothing": 0.0, "focal_gamma": 2.0, "class_weight_beta": null, "epochs": 12, "batch_size": 64, "accum_steps": 1, "optimizer": "adamw", "momentum": 0.9, "lr_backbone": 0.0001, "lr_head": 0.0001, "weight_decay": 0.05, "warmup_epochs": 1.0, "grad_clip": null, "ema_decay": null, "amp": true, "channels_last": false, "num_workers": 4, "images_dir": "data/images", "labels_dir": "data/labels", "out_dir": "runs", "pred_dir": "D:\\AI in Action\\Labs\\K4-Track4-Day2-Deeplearning-Advance\\submissions\\MSSV_pham_quang_huy\\predictions", "curves_dir": "D:\\AI in Action\\Labs\\K4-Track4-Day2-Deeplearning-Advance\\submissions\\MSSV_pham_quang_huy\\curves", "save_checkpoint": true, "max_steps_per_epoch": null, "save_test_predictions": false}
[T12 seed0] convnext_tiny.in12k_ft_in1k | 27.83M params | 4.47 GMAC | 164 bước/epoch | micro-batch 64 x 1
  ep  1/12 | train loss 0.7599 acc 0.7538 | val loss 0.3074 F1 0.8683 top1 0.8992 | 172 img/s, 61s *
  ep  2/12 | train loss 0.3180 acc 0.8981 | val loss 0.1694 F1 0.9337 top1 0.9483 | 268 img/s, 39s *
  ep  3/12 | train loss 0.2336 acc 0.9244 | val loss 0.2183 F1 0.9149 top1 0.9280 | 266 img/s, 39s
  ep  4/12 | train loss 0.1694 acc 0.9456 | val loss 0.1084 F1 0.9588 top1 0.9680 | 264 img/s, 40s *
  ep  5/12 | train loss 0.1382 acc 0.9552 | val loss 0.1143 F1 0.9543 top1 0.9643 | 263 img/s, 40s
  ep  6/12 | train loss 0.1061 acc 0.9667 | val loss 0.1392 F1 0.9489 top1 0.9592 | 264 img/s, 40s
  ep  7/12 | train loss 0.0867 acc 0.9712 | val loss 0.0886 F1 0.9680 top1 0.9746 | 264 img/s, 40s *
  ep  8/12 | train loss 0.0696 acc 0.9769 | val loss 0.1072 F1 0.9609 top1 0.9692 | 264 img/s, 40s
  ep  9/12 | train loss 0.0515 acc 0.9836 | val loss 0.0890 F1 0.9699 top1 0.9760 | 264 img/s, 40s *
  ep 10/12 | train loss 0.0416 acc 0.9860 | val loss 0.0967 F1 0.9660 top1 0.9740 | 264 img/s, 40s
  ep 11/12 | train loss 0.0411 acc 0.9868 | val loss 0.0870 F1 0.9686 top1 0.9760 | 264 img/s, 40s
  ep 12/12 | train loss 0.0355 acc 0.9891 | val loss 0.0863 F1 0.9717 top1 0.9777 | 263 img/s, 40s *
[T12 seed0] best ep 12: val macro-F1 0.9717 top1 0.9777 | 8.3 phút train | peak 4.14 GiB
===== T14 seed0 2026-10-03 21:57:23 =====
{"exp_id": "T14", "seed": 0, "fold": 0, "desc": "res256", "backbone": "convnext_tiny", "init": "finetune", "drop_rate": 0.0, "drop_path_rate": 0.0, "img_size": 256, "eval_crop_pct": 1.0, "aug": "basic", "sampler": null, "mix": null, "mix_alpha": 1.0, "mix_prob": 1.0, "loss": "ce", "label_smoothing": 0.0, "focal_gamma": 2.0, "class_weight_beta": null, "epochs": 12, "batch_size": 64, "accum_steps": 1, "optimizer": "adamw", "momentum": 0.9, "lr_backbone": 0.0001, "lr_head": 0.001, "weight_decay": 0.05, "warmup_epochs": 1.0, "grad_clip": null, "ema_decay": null, "amp": true, "channels_last": false, "num_workers": 4, "images_dir": "data/images", "labels_dir": "data/labels", "out_dir": "runs", "pred_dir": "D:\\AI in Action\\Labs\\K4-Track4-Day2-Deeplearning-Advance\\submissions\\MSSV_pham_quang_huy\\predictions", "curves_dir": "D:\\AI in Action\\Labs\\K4-Track4-Day2-Deeplearning-Advance\\submissions\\MSSV_pham_quang_huy\\curves", "save_checkpoint": true, "max_steps_per_epoch": null, "save_test_predictions": false}
[T14 seed0] convnext_tiny.in12k_ft_in1k | 27.83M params | 5.84 GMAC | 164 bước/epoch | micro-batch 64 x 1
  ep  1/12 | train loss 0.7459 acc 0.7575 | val loss 0.3698 F1 0.8368 top1 0.8757 | 137 img/s, 77s *
  ep  2/12 | train loss 0.3092 acc 0.9005 | val loss 0.2027 F1 0.9181 top1 0.9369 | 208 img/s, 50s *
  ep  3/12 | train loss 0.2238 acc 0.9264 | val loss 0.1746 F1 0.9277 top1 0.9449 | 206 img/s, 51s *
  ep  4/12 | train loss 0.1758 acc 0.9425 | val loss 0.1229 F1 0.9488 top1 0.9609 | 205 img/s, 51s *
  ep  5/12 | train loss 0.1446 acc 0.9523 | val loss 0.1177 F1 0.9500 top1 0.9617 | 207 img/s, 51s *
  ep  6/12 | train loss 0.1044 acc 0.9665 | val loss 0.1366 F1 0.9494 top1 0.9592 | 207 img/s, 51s
  ep  7/12 | train loss 0.0887 acc 0.9689 | val loss 0.1234 F1 0.9565 top1 0.9669 | 207 img/s, 51s *
  ep  8/12 | train loss 0.0628 acc 0.9790 | val loss 0.0956 F1 0.9651 top1 0.9729 | 208 img/s, 50s *
  ep  9/12 | train loss 0.0537 acc 0.9827 | val loss 0.0922 F1 0.9665 top1 0.9743 | 208 img/s, 50s *
  ep 10/12 | train loss 0.0407 acc 0.9864 | val loss 0.1034 F1 0.9672 top1 0.9749 | 209 img/s, 50s *
  ep 11/12 | train loss 0.0386 acc 0.9879 | val loss 0.0923 F1 0.9709 top1 0.9783 | 209 img/s, 50s *
  ep 12/12 | train loss 0.0323 acc 0.9893 | val loss 0.0924 F1 0.9711 top1 0.9783 | 209 img/s, 50s *
[T14 seed0] best ep 12: val macro-F1 0.9711 top1 0.9783 | 10.5 phút train | peak 5.29 GiB
===== T15 seed0 2026-10-03 22:09:56 =====
{"exp_id": "T15", "seed": 0, "fold": 0, "desc": "drop_path", "backbone": "convnext_tiny", "init": "finetune", "drop_rate": 0.0, "drop_path_rate": 0.1, "img_size": 224, "eval_crop_pct": 0.875, "aug": "basic", "sampler": null, "mix": null, "mix_alpha": 1.0, "mix_prob": 1.0, "loss": "ce", "label_smoothing": 0.0, "focal_gamma": 2.0, "class_weight_beta": null, "epochs": 12, "batch_size": 64, "accum_steps": 1, "optimizer": "adamw", "momentum": 0.9, "lr_backbone": 0.0001, "lr_head": 0.001, "weight_decay": 0.05, "warmup_epochs": 1.0, "grad_clip": null, "ema_decay": null, "amp": true, "channels_last": false, "num_workers": 4, "images_dir": "data/images", "labels_dir": "data/labels", "out_dir": "runs", "pred_dir": "D:\\AI in Action\\Labs\\K4-Track4-Day2-Deeplearning-Advance\\submissions\\MSSV_pham_quang_huy\\predictions", "curves_dir": "D:\\AI in Action\\Labs\\K4-Track4-Day2-Deeplearning-Advance\\submissions\\MSSV_pham_quang_huy\\curves", "save_checkpoint": true, "max_steps_per_epoch": null, "save_test_predictions": false}
[T15 seed0] convnext_tiny.in12k_ft_in1k | 27.83M params | 4.47 GMAC | 164 bước/epoch | micro-batch 64 x 1
  ep  1/12 | train loss 0.8108 acc 0.7330 | val loss 0.4685 F1 0.7818 top1 0.8615 | 170 img/s, 62s *
  ep  2/12 | train loss 0.3542 acc 0.8821 | val loss 0.2243 F1 0.9110 top1 0.9266 | 262 img/s, 40s *
  ep  3/12 | train loss 0.2547 acc 0.9169 | val loss 0.2804 F1 0.8813 top1 0.9060 | 260 img/s, 40s
  ep  4/12 | train loss 0.2054 acc 0.9324 | val loss 0.1463 F1 0.9438 top1 0.9546 | 260 img/s, 40s *
  ep  5/12 | train loss 0.1595 acc 0.9484 | val loss 0.1168 F1 0.9552 top1 0.9646 | 259 img/s, 41s *
  ep  6/12 | train loss 0.1253 acc 0.9593 | val loss 0.1386 F1 0.9478 top1 0.9600 | 259 img/s, 41s
  ep  7/12 | train loss 0.1084 acc 0.9631 | val loss 0.1071 F1 0.9605 top1 0.9686 | 259 img/s, 40s *
  ep  8/12 | train loss 0.0840 acc 0.9721 | val loss 0.1014 F1 0.9602 top1 0.9714 | 259 img/s, 40s
  ep  9/12 | train loss 0.0684 acc 0.9771 | val loss 0.1148 F1 0.9620 top1 0.9689 | 260 img/s, 40s *
  ep 10/12 | train loss 0.0537 acc 0.9819 | val loss 0.1112 F1 0.9635 top1 0.9712 | 260 img/s, 40s *
  ep 11/12 | train loss 0.0511 acc 0.9830 | val loss 0.0949 F1 0.9659 top1 0.9746 | 259 img/s, 40s *
  ep 12/12 | train loss 0.0454 acc 0.9845 | val loss 0.0944 F1 0.9691 top1 0.9763 | 258 img/s, 41s *
[T15 seed0] best ep 12: val macro-F1 0.9691 top1 0.9763 | 8.4 phút train | peak 4.15 GiB
===== C01 seed0 2026-10-03 22:41:30 =====
{"exp_id": "C01", "seed": 0, "fold": 0, "desc": "ema_mixup", "backbone": "convnext_tiny", "init": "finetune", "drop_rate": 0.0, "drop_path_rate": 0.0, "img_size": 224, "eval_crop_pct": 0.875, "aug": "basic", "sampler": null, "mix": "mixup", "mix_alpha": 0.2, "mix_prob": 1.0, "loss": "ce", "label_smoothing": 0.0, "focal_gamma": 2.0, "class_weight_beta": null, "epochs": 12, "batch_size": 64, "accum_steps": 1, "optimizer": "adamw", "momentum": 0.9, "lr_backbone": 0.0001, "lr_head": 0.001, "weight_decay": 0.05, "warmup_epochs": 1.0, "grad_clip": null, "ema_decay": 0.999, "amp": true, "channels_last": false, "num_workers": 4, "images_dir": "data/images", "labels_dir": "data/labels", "out_dir": "runs", "pred_dir": "D:\\AI in Action\\Labs\\K4-Track4-Day2-Deeplearning-Advance\\submissions\\MSSV_pham_quang_huy\\predictions", "curves_dir": "D:\\AI in Action\\Labs\\K4-Track4-Day2-Deeplearning-Advance\\submissions\\MSSV_pham_quang_huy\\curves", "save_checkpoint": true, "max_steps_per_epoch": null, "save_test_predictions": false}
[C01 seed0] convnext_tiny.in12k_ft_in1k | 27.83M params | 4.47 GMAC | 164 bước/epoch | micro-batch 64 x 1
  ep  1/12 | train loss 0.9590 acc nan | val loss 0.2484 F1 0.9095 top1 0.9274 (raw F1 0.8741) | 169 img/s, 62s *
  ep  2/12 | train loss 0.5844 acc nan | val loss 0.1508 F1 0.9478 top1 0.9603 (raw F1 0.9249) | 209 img/s, 50s *
  ep  3/12 | train loss 0.5260 acc nan | val loss 0.1210 F1 0.9549 top1 0.9654 (raw F1 0.8607) | 194 img/s, 54s *
  ep  4/12 | train loss 0.4956 acc nan | val loss 0.1013 F1 0.9623 top1 0.9709 (raw F1 0.9542) | 249 img/s, 42s *
  ep  5/12 | train loss 0.4726 acc nan | val loss 0.0891 F1 0.9680 top1 0.9754 (raw F1 0.9637) | 257 img/s, 41s *
  ep  6/12 | train loss 0.4122 acc nan | val loss 0.0842 F1 0.9677 top1 0.9757 (raw F1 0.9572) | 259 img/s, 41s
  ep  7/12 | train loss 0.4356 acc nan | val loss 0.0802 F1 0.9701 top1 0.9777 (raw F1 0.9634) | 260 img/s, 40s *
  ep  8/12 | train loss 0.3511 acc nan | val loss 0.0749 F1 0.9720 top1 0.9789 (raw F1 0.9683) | 261 img/s, 40s *
  ep  9/12 | train loss 0.3537 acc nan | val loss 0.0741 F1 0.9738 top1 0.9800 (raw F1 0.9719) | 261 img/s, 40s *
  ep 10/12 | train loss 0.3378 acc nan | val loss 0.0770 F1 0.9724 top1 0.9783 (raw F1 0.9654) | 261 img/s, 40s
  ep 11/12 | train loss 0.3886 acc nan | val loss 0.0780 F1 0.9713 top1 0.9774 (raw F1 0.9705) | 261 img/s, 40s
  ep 12/12 | train loss 0.3676 acc nan | val loss 0.0785 F1 0.9699 top1 0.9763 (raw F1 0.9699) | 261 img/s, 40s
[C01 seed0] best ep 9: val macro-F1 0.9738 top1 0.9800 | 8.9 phút train | peak 4.25 GiB
===== C02 seed0 2026-10-03 22:52:55 =====
{"exp_id": "C02", "seed": 0, "fold": 0, "desc": "ema_mixup_d4", "backbone": "convnext_tiny", "init": "finetune", "drop_rate": 0.0, "drop_path_rate": 0.0, "img_size": 224, "eval_crop_pct": 0.875, "aug": "geo", "sampler": null, "mix": "mixup", "mix_alpha": 0.2, "mix_prob": 1.0, "loss": "ce", "label_smoothing": 0.0, "focal_gamma": 2.0, "class_weight_beta": null, "epochs": 12, "batch_size": 64, "accum_steps": 1, "optimizer": "adamw", "momentum": 0.9, "lr_backbone": 0.0001, "lr_head": 0.001, "weight_decay": 0.05, "warmup_epochs": 1.0, "grad_clip": null, "ema_decay": 0.999, "amp": true, "channels_last": false, "num_workers": 4, "images_dir": "data/images", "labels_dir": "data/labels", "out_dir": "runs", "pred_dir": "D:\\AI in Action\\Labs\\K4-Track4-Day2-Deeplearning-Advance\\submissions\\MSSV_pham_quang_huy\\predictions", "curves_dir": "D:\\AI in Action\\Labs\\K4-Track4-Day2-Deeplearning-Advance\\submissions\\MSSV_pham_quang_huy\\curves", "save_checkpoint": true, "max_steps_per_epoch": null, "save_test_predictions": false}
[C02 seed0] convnext_tiny.in12k_ft_in1k | 27.83M params | 4.47 GMAC | 164 bước/epoch | micro-batch 64 x 1
  ep  1/12 | train loss 0.9852 acc nan | val loss 0.2485 F1 0.8997 top1 0.9209 (raw F1 0.8381) | 170 img/s, 62s *
  ep  2/12 | train loss 0.5975 acc nan | val loss 0.1593 F1 0.9441 top1 0.9580 (raw F1 0.9216) | 263 img/s, 40s *
  ep  3/12 | train loss 0.5486 acc nan | val loss 0.1243 F1 0.9562 top1 0.9660 (raw F1 0.9319) | 263 img/s, 40s *
  ep  4/12 | train loss 0.5005 acc nan | val loss 0.1035 F1 0.9641 top1 0.9723 (raw F1 0.9431) | 262 img/s, 40s *
  ep  5/12 | train loss 0.4958 acc nan | val loss 0.0934 F1 0.9677 top1 0.9757 (raw F1 0.9522) | 262 img/s, 40s *
  ep  6/12 | train loss 0.4327 acc nan | val loss 0.0860 F1 0.9710 top1 0.9780 (raw F1 0.9490) | 263 img/s, 40s *
  ep  7/12 | train loss 0.4484 acc nan | val loss 0.0827 F1 0.9702 top1 0.9774 (raw F1 0.9667) | 263 img/s, 40s
  ep  8/12 | train loss 0.3734 acc nan | val loss 0.0777 F1 0.9731 top1 0.9794 (raw F1 0.9660) | 263 img/s, 40s *
  ep  9/12 | train loss 0.3665 acc nan | val loss 0.0707 F1 0.9772 top1 0.9829 (raw F1 0.9722) | 263 img/s, 40s *
  ep 10/12 | train loss 0.3507 acc nan | val loss 0.0698 F1 0.9760 top1 0.9817 (raw F1 0.9751) | 263 img/s, 40s
  ep 11/12 | train loss 0.3961 acc nan | val loss 0.0701 F1 0.9751 top1 0.9809 (raw F1 0.9728) | 263 img/s, 40s
  ep 12/12 | train loss 0.3770 acc nan | val loss 0.0707 F1 0.9742 top1 0.9803 (raw F1 0.9739) | 263 img/s, 40s
[C02 seed0] best ep 9: val macro-F1 0.9772 top1 0.9829 | 8.4 phút train | peak 4.25 GiB
