I00 so với val_logits lúc train: |Δ| max 0.0078, argmax trùng 1.0000
I00      K= 1 F1 0.9768 top1 0.9826 ECE 0.0086 | p50 amp 10.57 / fp32 7.49 ms
I01      K= 2 F1 0.9778 top1 0.9834 ECE 0.0095 | p50 amp 10.14 / fp32 7.12 ms
I01L     K= 2 F1 0.9778 top1 0.9834 ECE 0.0090 | p50 amp 10.59 / fp32 7.20 ms
I02      K=10 F1 0.9785 top1 0.9843 ECE 0.0117 | p50 amp 14.64 / fp32 27.92 ms
I02S     K= 3 F1 0.9780 top1 0.9837 ECE 0.0197 | p50 amp 31.61 / fp32 20.44 ms
I04_224  K= 1 F1 0.9741 top1 0.9803 ECE 0.0141 | p50 amp 10.43 / fp32 7.26 ms
I04_256  K= 1 F1 0.9795 top1 0.9849 ECE 0.0124 | p50 amp 10.50 / fp32 6.92 ms
I04_288  K= 1 F1 0.9793 top1 0.9843 ECE 0.0239 | p50 amp 10.86 / fp32 6.35 ms
I04_320  K= 1 F1 0.9754 top1 0.9797 ECE 0.0303 | p50 amp 10.47 / fp32 7.28 ms
I09      K= 8 F1 0.9768 top1 0.9829 ECE 0.0105 | p50 amp 12.10 / fp32 22.41 ms
I09L     K= 8 F1 0.9779 top1 0.9837 ECE 0.0091 | p50 amp 12.11 / fp32 22.57 ms
I10      K= 4 F1 0.9790 top1 0.9843 ECE 0.0112 | p50 amp 10.51 / fp32 12.11 ms
I07 I00: T=0.899, ECE 0.0086 -> 0.0051 (cross-fit 2 nửa val: 0.0073)
I07 I10: T=0.857, ECE 0.0112 -> 0.0033 (cross-fit 2 nửa val: 0.0073)
I05_2: F1 0.9753 | p50 amp 27.13 ms
I05_3: F1 0.9753 | p50 amp 35.59 ms
I05_3_D4: F1 0.9772 | p50 amp 35.47 ms
I06_EMA: F1 0.9768
I06_RAW: F1 0.9753
[fuse_conv_bn] gộp 53 cặp conv+BN; sai số logit lớn nhất = 4.649e-06
I08_BN_OFF: F1 0.8339 | p50 fp32 8.24 ms
I08_BN_FUSED: F1 0.8346 | p50 fp32 6.05 ms
      exp_id  K  val_macro_f1  val_top1  val_ece   p50_ms    p95_ms
         I00  1      0.976769  0.982576 0.008576 10.56710 11.499715
         I01  2      0.977796  0.983433 0.009521 10.14160 11.193155
        I01L  2      0.977765  0.983433 0.008960 10.59450 11.971095
         I02 10      0.978509  0.984290 0.011715 14.64140 14.975800
        I02S  3      0.978007  0.983719 0.019708 31.60845 34.409200
     I04_224  1      0.974062  0.980291 0.014051 10.42935 14.925915
     I04_256  1      0.979503  0.984861 0.012408 10.49505 11.176300
     I04_288  1      0.979259  0.984290 0.023852 10.85660 11.787335
     I04_320  1      0.975430  0.979720 0.030275 10.46810 13.244325
         I09  8      0.976819  0.982862 0.010497 12.10005 12.453895
        I09L  8      0.977902  0.983719 0.009093 12.11205 12.244215
         I10  4      0.978958  0.984290 0.011227 10.50770 12.743805
     I07_I00  1      0.976769  0.982576 0.005131 10.56710 11.499715
     I07_I10  4      0.978958  0.984290 0.003329 10.50770 12.743805
    I08_FP32  1      0.976769  0.982576 0.008599  6.76710  7.306855
    I08_FP16  1      0.976769  0.982576 0.008751  6.87915  7.354720
     I08_AMP  1      0.976769  0.982576 0.008576  9.87070 10.872115
       I05_2  2      0.975279  0.982291 0.009319 27.13355 36.060905
       I05_3  3      0.975345  0.981720 0.012256 35.58970 41.030405
    I05_3_D4 24      0.977153  0.983433 0.020789 35.47245 37.823370
     I06_EMA  1      0.976769  0.982576 0.008576      NaN       NaN
     I06_RAW  1      0.975295  0.980577 0.005541      NaN       NaN
  I08_BN_OFF  1      0.833904  0.876607 0.016036  8.23765 10.928205
I08_BN_FUSED  1      0.834614  0.877178 0.015148  6.05165  8.513135
